node.exe : Node.js 
version v25.1.0 
detected.
En línea: 1 Carácter: 1
+ & "C:\Program 
Files\nodejs/node.exe" 
"C:\Program 
Files\nodejs/node_mo ...
+ ~~~~~~~~~~~~~~~~~~~~~~
~~~~~~~~~~~~~~~~~~~~~~~~
~~~~~~~~~~~~~~~~~~~~~~~
    + CategoryInfo      
        : NotSpecified: 
(N    ode.js version 
v25.1.    0 
detected.:String) [    
], RemoteException
    + 
FullyQualifiedError    
Id : NativeCommandErr   
 or
 
Odd numbered Node.js 
versions will not enter 
LTS status and should 
not be used for 
production. For more 
information, please see 
https://nodejs.org/en/ab
out/previous-releases/.
[1m[33m[baseline-brows
er-mapping] The data in 
this module is over two 
months old.  To ensure 
accurate Baseline data, 
please update: `npm i ba
seline-browser-mapping@l
atest -D`[39m[22m
[33mÔØ»[39m Building...
[32mÔ£ö[39m Building...
[1mInitial chunk files[22m  [2m | [22m[1mNames[22m                      [2m | [22m [1mRaw size[22m[2m | [22m[1mEstimated transfer size[22m
[32mmain-C26HUE5W.js[39m     [2m | [22m[2mmain[22m                       [2m | [22m[36m374.34 kB[39m[2m | [22m               [36m87.41 kB[39m
[32mchunk-Q75PQRVZ.js[39m    [2m | [22m[2m-[22m                          [2m | [22m[36m190.74 kB[39m[2m | [22m               [36m55.11 kB[39m
[32mchunk-2MXO4INP.js[39m    [2m | [22m[2m-[22m                          [2m | [22m [36m81.61 kB[39m[2m | [22m               [36m20.76 kB[39m
[32mchunk-PJKG2GC6.js[39m    [2m | [22m[2m-[22m                          [2m | [22m [36m79.97 kB[39m[2m | [22m               [36m18.82 kB[39m
[32mchunk-K7DYQQAC.js[39m    [2m | [22m[2m-[22m                          [2m | [22m [36m46.33 kB[39m[2m | [22m                [36m9.36 kB[39m
[32mpolyfills-5CFQRCPP.js[39m[2m | [22m[2mpolyfills[22m                  [2m | [22m [36m34.59 kB[39m[2m | [22m               [36m11.33 kB[39m
[32mstyles-2PBRLEOV.css[39m  [2m | [22m[2mstyles[22m                     [2m | [22m [36m27.64 kB[39m[2m | [22m                [36m3.60 kB[39m
[32mchunk-NI2KHEAH.js[39m    [2m | [22m[2m-[22m                          [2m | [22m  [36m2.83 kB[39m[2m | [22m              [36m838 bytes[39m
[32mchunk-MTREB74I.js[39m    [2m | [22m[2m-[22m                          [2m | [22m  [36m1.57 kB[39m[2m | [22m              [36m673 bytes[39m
[32mchunk-EHK65QJI.js[39m    [2m | [22m[2m-[22m                          [2m | [22m  [36m1.29 kB[39m[2m | [22m              [36m378 bytes[39m
[32mchunk-FDERIQAA.js[39m    [2m | [22m[2m-[22m                          [2m | [22m  [36m1.11 kB[39m[2m | [22m              [36m514 bytes[39m
[32mchunk-BKKWBIBY.js[39m    [2m | [22m[2m-[22m                          [2m | [22m[36m954 bytes[39m[2m | [22m              [36m954 bytes[39m
[32mchunk-AVAFTDER.js[39m    [2m | [22m[2m-[22m                          [2m | [22m[36m676 bytes[39m[2m | [22m              [36m676 bytes[39m

[1m [22m                    [2m | [22m[1mInitial total[22m              [2m | [22m[1m843.65 kB[22m[2m | [22m              [1m210.43 kB[22m

[1mLazy chunk files[22m     [2m | [22m[1mNames[22m                      [2m | [22m [1mRaw size[22m[2m | [22m[1mEstimated transfer size[22m
[32mchunk-VWWTNVYC.js[39m    [2m | [22m[2mreservar-salas-component[22m   [2m | [22m [36m15.08 kB[39m[2m | [22m                [36m4.32 kB[39m
[32mchunk-2AYEJ6YS.js[39m    [2m | [22m[2mcatalogo-component[22m         [2m | [22m [36m14.80 kB[39m[2m | [22m                [36m4.24 kB[39m
[32mchunk-WVWUFWMK.js[39m    [2m | [22m[2mmis-prestamos-component[22m    [2m | [22m  [36m7.38 kB[39m[2m | [22m                [36m2.47 kB[39m
[32mchunk-2LK23SEW.js[39m    [2m | [22m[2madmin-solicitudes-component[22m[2m | [22m  [36m6.48 kB[39m[2m | [22m                [36m2.20 kB[39m
[32mchunk-XDFQXIQC.js[39m    [2m | [22m[2msolicitar-libro-component[22m  [2m | [22m  [36m5.48 kB[39m[2m | [22m                [36m1.89 kB[39m
[32mchunk-SF5SRXLE.js[39m    [2m | [22m[2m-[22m                          [2m | [22m[36m546 bytes[39m[2m | [22m              [36m546 bytes[39m
[32mchunk-ZAL5PAFL.js[39m    [2m | [22m[2msweetalert2-all[22m            [2m | [22m [36m83 bytes[39m[2m | [22m               [36m83 bytes[39m

Application bundle generation complete. [5.162 seconds] - 2026-04-04T03:16:47.309Z

[1m[33m[33mÔû▓ [43;3
3m[[43;30mWARNING[43;3
3m][0m [1mModule 
'sweetalert2' used by 's
rc/app/dashboard/admin-d
ashboard/solicitudes/adm
in-solicitudes.component
.ts' is not ESM[0m

  CommonJS or AMD 
dependencies can cause 
optimization bailouts.
  For more information 
see: [4mhttps://angular
.dev/tools/cli/build#con
figuring-commonjs-depend
encies[0m

[39m[22m
Output location: C:\Users\danie\Desktop\proyecto biblioteca\sistema-prestamos-frontend\frontend\dist\sistema-prestamos-frontend

